{
   "groups": [
      {
         "name": "kubeapi",
         "rules": [
            {
               "alert": "KubeAPIUnHealthy",
               "annotations": {
                  "description": "Issue: Kube API is not responding 200s from blackbox.monitoring\nPlaybook: https://engineering-handbook.nami.run/sre/runbooks/kubeapi#KubeAPIUnHealthy\n",
                  "summary": "Kube API is unhealthy"
               },
               "expr": "probe_success{provider=\"kubernetes\"} == 0",
               "for": "15m",
               "labels": {
                  "severity": "critical"
               }
            },
            {
               "alert": "KubeAPIErrorRatioHigh",
               "annotations": {
                  "description": "Issue: Kube API Error ratio on {{ $labels.instance }} is above 0.01: {{ $value }}\nPlaybook: https://engineering-handbook.nami.run/sre/runbooks/kubeapi#KubeAPIErrorRatioHigh\n",
                  "summary": "Kube API 500s ratio is High"
               },
               "expr": "sum by (instance)( rate(apiserver_request_count{verb!~\"(CONNECT|WATCH)\", code=~\"5..\"}[5m]) ) / sum by (instance)( rate(apiserver_request_count[5m]) ) > 0.01",
               "for": "15m",
               "labels": {
                  "severity": "critical"
               }
            },
            {
               "alert": "KubeAPILatencyHigh",
               "annotations": {
                  "description": "Issue: Kube API Latency on {{ $labels.instance }} is above 200: {{ $value }}\nPlaybook: https://engineering-handbook.nami.run/sre/runbooks/kubeapi#KubeAPILatencyHigh\n",
                  "summary": "Kube API Latency is High"
               },
               "expr": "histogram_quantile ( 0.90, sum by (le, instance)( rate(apiserver_request_latencies_bucket{verb!~\"(CONNECT|WATCH)\"}[5m]) ) ) / 1e3 > 200",
               "for": "15m",
               "labels": {
                  "severity": "critical"
               }
            },
            {
               "alert": "KubeControllerWorkDurationHigh",
               "annotations": {
                  "description": "Issue: Kube Control Manager on {{ $labels.instance }} work duration is above 100: {{ $value }}\nPlaybook: https://engineering-handbook.nami.run/sre/runbooks/kubeapi#KubeControllerWorkDurationHigh\n",
                  "summary": "Kube Control Manager workqueue processing is slow"
               },
               "expr": "sum by (instance)( APIServiceRegistrationController_work_duration{quantile=\"0.9\"} ) > 100",
               "for": "15m",
               "labels": {
                  "severity": "critical"
               }
            },
            {
               "alert": "KubeEtcdLatencyHigh",
               "annotations": {
                  "description": "Issue: Kube Etcd latency on {{ $labels.instance }} above 20: {{ $value }}\nPlaybook: https://engineering-handbook.nami.run/sre/runbooks/kubeapi#KubeEtcdLatencyHigh\n",
                  "summary": "Etcd Latency is High"
               },
               "expr": "max by (instance)( rate(etcd_request_latencies_summary{job=\"kubernetes_apiservers\",quantile=\"0.9\"}[5m]) < Inf )/ 1e3 > 20",
               "for": "15m",
               "labels": {
                  "severity": "critical"
               }
            }
         ]
      }
   ]
}
