{
   "annotations": {
      "list": [ ]
   },
   "editable": false,
   "gnetId": null,
   "graphTooltip": 0,
   "hideControls": false,
   "id": null,
   "links": [ ],
   "refresh": "5m",
   "rows": [
      {
         "collapse": false,
         "collapsed": false,
         "height": "250px",
         "panels": [
            {
               "aliasColors": { },
               "bars": false,
               "dashLength": 10,
               "dashes": false,
               "datasource": "$datasource",
               "fill": 1,
               "id": 2,
               "legend": {
                  "alignAsTable": true,
                  "avg": true,
                  "current": true,
                  "max": true,
                  "min": false,
                  "rightSide": true,
                  "show": true,
                  "sort": "max",
                  "sortDesc": true,
                  "total": false,
                  "values": true
               },
               "lines": true,
               "linewidth": 1,
               "links": [ ],
               "nullPointMode": "null",
               "percentage": false,
               "pointradius": 5,
               "points": false,
               "renderer": "flot",
               "repeat": null,
               "seriesOverrides": [ ],
               "spaceLength": 10,
               "span": 12,
               "stack": false,
               "steppedLine": false,
               "targets": [
                  {
                     "datasource": "$datasource",
                     "expr": "sum by (verb, code)(\n  rate(apiserver_request_count{verb!~\"$verb_excl\", code=~\"5..\"}[5m])\n) / ignoring(code) group_left\nsum by (verb)(\n  rate(apiserver_request_count[5m])\n)\n",
                     "format": "time_series",
                     "intervalFactor": 2,
                     "legendFormat": "{{ verb }} - {{ code }}",
                     "refId": "A"
                  }
               ],
               "thresholds": [
                  {
                     "colorMode": "critical",
                     "fill": true,
                     "line": true,
                     "op": "gt",
                     "value": 0.01
                  }
               ],
               "timeFrom": null,
               "timeShift": null,
               "title": "API Error ratio 500s/total (except $verb_excl)",
               "tooltip": {
                  "shared": true,
                  "sort": 0,
                  "value_type": "individual"
               },
               "type": "graph",
               "xaxis": {
                  "buckets": null,
                  "mode": "time",
                  "name": null,
                  "show": true,
                  "values": [ ]
               },
               "yaxes": [
                  {
                     "format": "short",
                     "label": null,
                     "logBase": 1,
                     "max": null,
                     "min": null,
                     "show": true
                  },
                  {
                     "format": "short",
                     "label": null,
                     "logBase": 1,
                     "max": null,
                     "min": null,
                     "show": true
                  }
               ]
            },
            {
               "aliasColors": { },
               "bars": false,
               "dashLength": 10,
               "dashes": false,
               "datasource": "$datasource",
               "fill": 1,
               "id": 3,
               "legend": {
                  "alignAsTable": true,
                  "avg": true,
                  "current": true,
                  "max": true,
                  "min": false,
                  "rightSide": true,
                  "show": true,
                  "sort": "max",
                  "sortDesc": true,
                  "total": false,
                  "values": true
               },
               "lines": true,
               "linewidth": 1,
               "links": [ ],
               "nullPointMode": "null",
               "percentage": false,
               "pointradius": 5,
               "points": false,
               "renderer": "flot",
               "repeat": null,
               "seriesOverrides": [ ],
               "spaceLength": 10,
               "span": 12,
               "stack": false,
               "steppedLine": false,
               "targets": [
                  {
                     "datasource": "$datasource",
                     "expr": "histogram_quantile (\n  0.$api_percentile,\n  sum by (le, verb)(\n    rate(apiserver_request_latencies_bucket{verb!~\"$verb_excl\"}[5m])\n  )\n) / 1e3 > 0\n",
                     "format": "time_series",
                     "intervalFactor": 2,
                     "legendFormat": "{{ verb }}",
                     "refId": "A"
                  }
               ],
               "thresholds": [
                  {
                     "colorMode": "critical",
                     "fill": true,
                     "line": true,
                     "op": "gt",
                     "value": 200
                  }
               ],
               "timeFrom": null,
               "timeShift": null,
               "title": "API $api_percentile-th latency[ms] by verb (except $verb_excl)",
               "tooltip": {
                  "shared": true,
                  "sort": 0,
                  "value_type": "individual"
               },
               "type": "graph",
               "xaxis": {
                  "buckets": null,
                  "mode": "time",
                  "name": null,
                  "show": true,
                  "values": [ ]
               },
               "yaxes": [
                  {
                     "format": "short",
                     "label": null,
                     "logBase": 1,
                     "max": null,
                     "min": null,
                     "show": true
                  },
                  {
                     "format": "short",
                     "label": null,
                     "logBase": 1,
                     "max": null,
                     "min": null,
                     "show": true
                  }
               ]
            }
         ],
         "repeat": null,
         "repeatIteration": null,
         "repeatRowId": null,
         "showTitle": true,
         "title": "Kube API",
         "titleSize": "h6",
         "type": "row"
      },
      {
         "collapse": false,
         "collapsed": false,
         "height": "250px",
         "panels": [
            {
               "aliasColors": { },
               "bars": false,
               "dashLength": 10,
               "dashes": false,
               "datasource": "$datasource",
               "fill": 1,
               "id": 4,
               "legend": {
                  "alignAsTable": true,
                  "avg": true,
                  "current": true,
                  "max": true,
                  "min": false,
                  "rightSide": true,
                  "show": true,
                  "sort": "max",
                  "sortDesc": true,
                  "total": false,
                  "values": true
               },
               "lines": true,
               "linewidth": 1,
               "links": [ ],
               "nullPointMode": "null",
               "percentage": false,
               "pointradius": 5,
               "points": false,
               "renderer": "flot",
               "repeat": null,
               "seriesOverrides": [ ],
               "spaceLength": 10,
               "span": 12,
               "stack": false,
               "steppedLine": false,
               "targets": [
                  {
                     "datasource": "$datasource",
                     "expr": "sum by (instance)(\n  APIServiceRegistrationController_work_duration{quantile=\"0.9\"}\n)\n",
                     "format": "time_series",
                     "intervalFactor": 2,
                     "legendFormat": "{{ instance }}",
                     "refId": "A"
                  }
               ],
               "thresholds": [
                  {
                     "colorMode": "critical",
                     "fill": true,
                     "line": true,
                     "op": "gt",
                     "value": 100
                  }
               ],
               "timeFrom": null,
               "timeShift": null,
               "title": "Kube Control Manager work duration",
               "tooltip": {
                  "shared": true,
                  "sort": 0,
                  "value_type": "individual"
               },
               "type": "graph",
               "xaxis": {
                  "buckets": null,
                  "mode": "time",
                  "name": null,
                  "show": true,
                  "values": [ ]
               },
               "yaxes": [
                  {
                     "format": "short",
                     "label": null,
                     "logBase": 1,
                     "max": null,
                     "min": null,
                     "show": true
                  },
                  {
                     "format": "short",
                     "label": null,
                     "logBase": 1,
                     "max": null,
                     "min": null,
                     "show": true
                  }
               ]
            }
         ],
         "repeat": null,
         "repeatIteration": null,
         "repeatRowId": null,
         "showTitle": true,
         "title": "Kube Control Manager",
         "titleSize": "h6",
         "type": "row"
      },
      {
         "collapse": false,
         "collapsed": false,
         "height": "250px",
         "panels": [
            {
               "aliasColors": { },
               "bars": false,
               "dashLength": 10,
               "dashes": false,
               "datasource": "$datasource",
               "fill": 1,
               "id": 5,
               "legend": {
                  "alignAsTable": true,
                  "avg": true,
                  "current": true,
                  "max": true,
                  "min": false,
                  "rightSide": true,
                  "show": true,
                  "sort": "max",
                  "sortDesc": true,
                  "total": false,
                  "values": true
               },
               "lines": true,
               "linewidth": 1,
               "links": [ ],
               "nullPointMode": "null",
               "percentage": false,
               "pointradius": 5,
               "points": false,
               "renderer": "flot",
               "repeat": null,
               "seriesOverrides": [ ],
               "spaceLength": 10,
               "span": 12,
               "stack": false,
               "steppedLine": false,
               "targets": [
                  {
                     "datasource": "$datasource",
                     "expr": "max by (operation, instance)(\n  etcd_request_latencies_summary{job=\"kubernetes_apiservers\",quantile=\"0.9\"}\n)/ 1e3\n",
                     "format": "time_series",
                     "intervalFactor": 2,
                     "legendFormat": "{{ instance }} - {{ operation }}",
                     "refId": "A"
                  }
               ],
               "thresholds": [
                  {
                     "colorMode": "critical",
                     "fill": true,
                     "line": true,
                     "op": "gt",
                     "value": 1000
                  }
               ],
               "timeFrom": null,
               "timeShift": null,
               "title": "etcd 90th latency[ms] by (operation, instance)",
               "tooltip": {
                  "shared": true,
                  "sort": 0,
                  "value_type": "individual"
               },
               "type": "graph",
               "xaxis": {
                  "buckets": null,
                  "mode": "time",
                  "name": null,
                  "show": true,
                  "values": [ ]
               },
               "yaxes": [
                  {
                     "format": "short",
                     "label": null,
                     "logBase": 1,
                     "max": null,
                     "min": null,
                     "show": true
                  },
                  {
                     "format": "short",
                     "label": null,
                     "logBase": 1,
                     "max": null,
                     "min": null,
                     "show": true
                  }
               ]
            }
         ],
         "repeat": null,
         "repeatIteration": null,
         "repeatRowId": null,
         "showTitle": true,
         "title": "Kube Etcd",
         "titleSize": "h6",
         "type": "row"
      }
   ],
   "schemaVersion": 14,
   "style": "dark",
   "tags": [
      "k8s",
      "api",
      "sla"
   ],
   "templating": {
      "list": [
         {
            "current": {
               "text": "Prometheus",
               "value": "Prometheus"
            },
            "hide": 0,
            "label": null,
            "name": "datasource",
            "options": [ ],
            "query": "prometheus",
            "refresh": 1,
            "regex": "",
            "type": "datasource"
         },
         {
            "allValue": null,
            "current": {
               "text": "90",
               "value": "90"
            },
            "hide": 0,
            "includeAll": false,
            "label": "",
            "multi": false,
            "name": "api_percentile",
            "options": [
               {
                  "text": "50",
                  "value": "50"
               },
               {
                  "text": " 90",
                  "value": " 90"
               },
               {
                  "text": " 99",
                  "value": " 99"
               }
            ],
            "query": "50, 90, 99",
            "refresh": 0,
            "type": "custom"
         },
         {
            "allValue": null,
            "current": {
               "text": "(CONNECT|WATCH)",
               "value": "(CONNECT|WATCH)"
            },
            "hide": 2,
            "includeAll": false,
            "label": "",
            "multi": false,
            "name": "verb_excl",
            "options": [
               {
                  "text": "(CONNECT|WATCH)",
                  "value": "(CONNECT|WATCH)"
               }
            ],
            "query": "(CONNECT|WATCH)",
            "refresh": 0,
            "type": "custom"
         }
      ]
   },
   "time": {
      "from": "now-3h",
      "to": "now"
   },
   "timepicker": {
      "refresh_intervals": [
         "5s",
         "10s",
         "30s",
         "1m",
         "5m",
         "15m",
         "30m",
         "1h",
         "2h",
         "1d"
      ],
      "time_options": [
         "5m",
         "15m",
         "1h",
         "6h",
         "12h",
         "24h",
         "2d",
         "7d",
         "30d"
      ]
   },
   "timezone": "browser",
   "title": "SLA: Kubernetes API",
   "version": 0
}
